// implicit typedef
// implicit typedef
// implicit typedef
// implicit typedef
// implicit typedef
#line 1 "duplication0.c"
int f(int, ) { return 0; }
#line 2 "duplication0.c"
int f(int, ) { return 0; }
#line 4 "duplication0.c"
int f(int x, ) { return 0; }
#line 6 "duplication0.c"
int g;
#line 7 "duplication0.c"
int g;
#line 9 "duplication0.c"
int g = 1;
