// implicit typedef
// implicit typedef
// implicit typedef
// implicit typedef
// implicit typedef
#line 1 "indirect-field0.c"
struct {
#line 2 "indirect-field0.c"
  struct {
    int a;
  };
  ;
  struct {
    int a;
  };
#line 3 "indirect-field0.c"
  ;
};
#line 5 "indirect-field0.c"
struct {
#line 2 "indirect-field0.c"
  struct {
    int a;
  };
  ;
  struct {
    int a;
  };
#line 3 "indirect-field0.c"
  ;
} *b;
#line 6 "indirect-field0.c"
int c() { return b->.a; }
