// implicit typedef
// implicit typedef
// implicit typedef
// implicit typedef
// implicit typedef
#line 1 "indirect-field2.c"
struct {
#line 2 "indirect-field2.c"
  struct {
#line 3 "indirect-field2.c"
    struct {
      int c;
    };
    ;
    struct {
      int c;
    } b;
  };
  ;
  struct {
#line 3 "indirect-field2.c"
    struct {
      int c;
    };
    ;
    struct {
      int c;
    } b;
  };
#line 5 "indirect-field2.c"
  ;
};
#line 7 "indirect-field2.c"
struct {
#line 2 "indirect-field2.c"
  struct {
#line 3 "indirect-field2.c"
    struct {
      int c;
    };
    ;
    struct {
      int c;
    } b;
  };
  ;
  struct {
#line 3 "indirect-field2.c"
    struct {
      int c;
    };
    ;
    struct {
      int c;
    } b;
  };
#line 5 "indirect-field2.c"
  ;
} a;
#line 8 "indirect-field2.c"
int c() { return a..b.c; }
