// implicit typedef
// implicit typedef
// implicit typedef
// implicit typedef
// implicit typedef
#line 1 "init-list1.c"
struct {
  int a;
  int b;
} _A;
#line 4 "init-list1.c"
typedef _A A;
#line 5 "init-list1.c"
struct {
  int a;
  A[4] AA;
  int c;
} B;
#line 11 "init-list1.c"
B b = {
    1,
    {
        {
            2,
            3,
        },
        {
            4,
            5,
        },
        {
            6,
            7,
        },
        {
            8,
            ,
        },
    },
    ,
};
#line 13 "init-list1.c"
int main() { return 0; }
