// implicit typedef
// implicit typedef
// implicit typedef
// implicit typedef
// implicit typedef
#line 1 "local-init5.c"
struct {
  int a;
  int b;
} _A;
#line 4 "local-init5.c"
typedef _A A;
#line 5 "local-init5.c"
struct {
  int c;
  A[2] a;
  float f;
} B;
#line 9 "local-init5.c"
typedef B B;
#line 10 "local-init5.c"
struct {
  double d;
  B[2] b;
} C;
#line 14 "local-init5.c"
int main() {
#line 14 "local-init5.c"
  C c = {
      (double)1,
      {
          {
              2,
              {
                  {
                      3,
                      4,
                  },
                  {
                      5,
                      6,
                  },
              },
              (float)11,
          },
          {
              12,
              {
                  {
                      13,
                      14,
                  },
                  {
                      15,
                      16,
                  },
              },
              (float)77,
          },
      },
  };
}
