// implicit typedef
// implicit typedef
// implicit typedef
// implicit typedef
// implicit typedef
#line 1 "usertype-in-local1.c"
int foo() {
#line 2 "usertype-in-local1.c"
  enum { A, B, C };
#line 2 "usertype-in-local1.c"
  enum { A, B, C } alphabet;
#line 3 "usertype-in-local1.c"
  enum { Mon, Tue, Wed };
#line 3 "usertype-in-local1.c"
  enum { Mon, Tue, Wed } day;
  day = (enum {Mon, Tue, Wed})Mon;
  alphabet = (enum {A, B, C})A;
  return (int)day;
}
